Java HotSpot(TM) 64-Bit Server VM (25.171-b11) for bsd-amd64 JRE (1.8.0_171-b11), built on Mar 28 2018 12:50:57 by "java_re" with gcc 4.2.1 (Based on Apple Inc. build 5658) (LLVM build 2336.11.00)
Memory: 4k page, physical 16777216k(255588k free)

/proc/meminfo:

CommandLine flags: -XX:InitialHeapSize=536870912 -XX:MaxHeapSize=536870912 -XX:MaxNewSize=178958336 -XX:MaxTenuringThreshold=6 -XX:NewSize=178958336 -XX:OldPLABSize=16 -XX:OldSize=357912576 -XX:+PrintGC -XX:+PrintGCDateStamps -XX:+PrintGCDetails -XX:+PrintGCTimeStamps -XX:+UseCompressedClassPointers -XX:+UseCompressedOops -XX:+UseConcMarkSweepGC -XX:+UseParNewGC 
2020-10-28T22:09:23.737-0800: 0.235: [GC (Allocation Failure) 2020-10-28T22:09:23.737-0800: 0.235: [ParNew: 139776K->17472K(157248K), 0.0242756 secs] 139776K->42343K(506816K), 0.0244281 secs] [Times: user=0.03 sys=0.06, real=0.03 secs] 
2020-10-28T22:09:23.795-0800: 0.293: [GC (Allocation Failure) 2020-10-28T22:09:23.795-0800: 0.293: [ParNew: 156970K->17472K(157248K), 0.0735368 secs] 181842K->82362K(506816K), 0.0736241 secs] [Times: user=0.05 sys=0.06, real=0.07 secs] 
2020-10-28T22:09:23.901-0800: 0.399: [GC (Allocation Failure) 2020-10-28T22:09:23.902-0800: 0.399: [ParNew: 157248K->17472K(157248K), 0.0514322 secs] 222138K->129849K(506816K), 0.0515938 secs] [Times: user=0.18 sys=0.02, real=0.05 secs] 
2020-10-28T22:09:23.984-0800: 0.482: [GC (Allocation Failure) 2020-10-28T22:09:23.984-0800: 0.482: [ParNew: 157248K->17471K(157248K), 0.0436589 secs] 269625K->174701K(506816K), 0.0437550 secs] [Times: user=0.16 sys=0.02, real=0.04 secs] 
2020-10-28T22:09:24.050-0800: 0.548: [GC (Allocation Failure) 2020-10-28T22:09:24.050-0800: 0.548: [ParNew: 156969K->17472K(157248K), 0.0418215 secs] 314199K->219556K(506816K), 0.0419202 secs] [Times: user=0.14 sys=0.03, real=0.04 secs] 
2020-10-28T22:09:24.092-0800: 0.590: [GC (CMS Initial Mark) [1 CMS-initial-mark: 202084K(349568K)] 219846K(506816K), 0.0003149 secs] [Times: user=0.00 sys=0.00, real=0.00 secs] 
2020-10-28T22:09:24.093-0800: 0.591: [CMS-concurrent-mark-start]
2020-10-28T22:09:24.096-0800: 0.594: [CMS-concurrent-mark: 0.003/0.003 secs] [Times: user=0.01 sys=0.00, real=0.00 secs] 
2020-10-28T22:09:24.096-0800: 0.594: [CMS-concurrent-preclean-start]
2020-10-28T22:09:24.097-0800: 0.595: [CMS-concurrent-preclean: 0.001/0.001 secs] [Times: user=0.00 sys=0.00, real=0.00 secs] 
2020-10-28T22:09:24.097-0800: 0.595: [CMS-concurrent-abortable-preclean-start]
2020-10-28T22:09:24.117-0800: 0.615: [GC (Allocation Failure) 2020-10-28T22:09:24.117-0800: 0.615: [ParNew: 157248K->17472K(157248K), 0.0506116 secs] 359332K->265617K(506816K), 0.0507078 secs] [Times: user=0.20 sys=0.02, real=0.05 secs] 
2020-10-28T22:09:24.193-0800: 0.690: [GC (Allocation Failure) 2020-10-28T22:09:24.193-0800: 0.691: [ParNew: 157248K->17471K(157248K), 0.0461393 secs] 405393K->312313K(506816K), 0.0462596 secs] [Times: user=0.17 sys=0.02, real=0.04 secs] 
2020-10-28T22:09:24.263-0800: 0.761: [GC (Allocation Failure) 2020-10-28T22:09:24.263-0800: 0.761: [ParNew: 157247K->17471K(157248K), 0.0390776 secs] 452089K->350250K(506816K), 0.0391731 secs] [Times: user=0.16 sys=0.02, real=0.04 secs] 
2020-10-28T22:09:24.302-0800: 0.800: [CMS-concurrent-abortable-preclean: 0.005/0.205 secs] [Times: user=0.60 sys=0.06, real=0.21 secs] 
2020-10-28T22:09:24.302-0800: 0.800: [GC (CMS Final Remark) [YG occupancy: 20384 K (157248 K)]2020-10-28T22:09:24.303-0800: 0.800: [Rescan (parallel) , 0.0020262 secs]2020-10-28T22:09:24.305-0800: 0.802: [weak refs processing, 0.0000317 secs]2020-10-28T22:09:24.305-0800: 0.802: [class unloading, 0.0004069 secs]2020-10-28T22:09:24.305-0800: 0.803: [scrub symbol table, 0.0004233 secs]2020-10-28T22:09:24.305-0800: 0.803: [scrub string table, 0.0002103 secs][1 CMS-remark: 332779K(349568K)] 353163K(506816K), 0.0032219 secs] [Times: user=0.01 sys=0.00, real=0.00 secs] 
2020-10-28T22:09:24.306-0800: 0.804: [CMS-concurrent-sweep-start]
2020-10-28T22:09:24.307-0800: 0.805: [CMS-concurrent-sweep: 0.001/0.001 secs] [Times: user=0.00 sys=0.00, real=0.00 secs] 
2020-10-28T22:09:24.307-0800: 0.805: [CMS-concurrent-reset-start]
2020-10-28T22:09:24.308-0800: 0.806: [CMS-concurrent-reset: 0.001/0.001 secs] [Times: user=0.00 sys=0.00, real=0.00 secs] 
2020-10-28T22:09:24.326-0800: 0.824: [GC (Allocation Failure) 2020-10-28T22:09:24.327-0800: 0.824: [ParNew: 157247K->17471K(157248K), 0.0144132 secs] 444059K->352635K(506816K), 0.0145057 secs] [Times: user=0.08 sys=0.01, real=0.02 secs] 
2020-10-28T22:09:24.341-0800: 0.839: [GC (CMS Initial Mark) [1 CMS-initial-mark: 335163K(349568K)] 353202K(506816K), 0.0001554 secs] [Times: user=0.00 sys=0.00, real=0.00 secs] 
2020-10-28T22:09:24.341-0800: 0.839: [CMS-concurrent-mark-start]
2020-10-28T22:09:24.343-0800: 0.841: [CMS-concurrent-mark: 0.001/0.001 secs] [Times: user=0.01 sys=0.00, real=0.00 secs] 
2020-10-28T22:09:24.343-0800: 0.841: [CMS-concurrent-preclean-start]
2020-10-28T22:09:24.343-0800: 0.841: [CMS-concurrent-preclean: 0.001/0.001 secs] [Times: user=0.00 sys=0.00, real=0.00 secs] 
2020-10-28T22:09:24.343-0800: 0.841: [CMS-concurrent-abortable-preclean-start]
2020-10-28T22:09:24.343-0800: 0.841: [CMS-concurrent-abortable-preclean: 0.000/0.000 secs] [Times: user=0.00 sys=0.00, real=0.00 secs] 
2020-10-28T22:09:24.344-0800: 0.841: [GC (CMS Final Remark) [YG occupancy: 33171 K (157248 K)]2020-10-28T22:09:24.344-0800: 0.841: [Rescan (parallel) , 0.0010451 secs]2020-10-28T22:09:24.345-0800: 0.843: [weak refs processing, 0.0000408 secs]2020-10-28T22:09:24.345-0800: 0.843: [class unloading, 0.0002484 secs]2020-10-28T22:09:24.345-0800: 0.843: [scrub symbol table, 0.0003189 secs]2020-10-28T22:09:24.345-0800: 0.843: [scrub string table, 0.0001677 secs][1 CMS-remark: 335163K(349568K)] 368334K(506816K), 0.0019085 secs] [Times: user=0.00 sys=0.00, real=0.00 secs] 
2020-10-28T22:09:24.346-0800: 0.843: [CMS-concurrent-sweep-start]
2020-10-28T22:09:24.347-0800: 0.845: [CMS-concurrent-sweep: 0.001/0.001 secs] [Times: user=0.01 sys=0.00, real=0.00 secs] 
2020-10-28T22:09:24.347-0800: 0.845: [CMS-concurrent-reset-start]
2020-10-28T22:09:24.347-0800: 0.845: [CMS-concurrent-reset: 0.000/0.000 secs] [Times: user=0.00 sys=0.00, real=0.00 secs] 
2020-10-28T22:09:24.365-0800: 0.863: [GC (Allocation Failure) 2020-10-28T22:09:24.365-0800: 0.863: [ParNew: 157247K->17470K(157248K), 0.0118773 secs] 389131K->294566K(506816K), 0.0120055 secs] [Times: user=0.07 sys=0.00, real=0.01 secs] 
2020-10-28T22:09:24.377-0800: 0.875: [GC (CMS Initial Mark) [1 CMS-initial-mark: 277096K(349568K)] 295285K(506816K), 0.0001772 secs] [Times: user=0.00 sys=0.00, real=0.00 secs] 
2020-10-28T22:09:24.378-0800: 0.875: [CMS-concurrent-mark-start]
2020-10-28T22:09:24.379-0800: 0.877: [CMS-concurrent-mark: 0.002/0.002 secs] [Times: user=0.00 sys=0.00, real=0.00 secs] 
2020-10-28T22:09:24.379-0800: 0.877: [CMS-concurrent-preclean-start]
2020-10-28T22:09:24.380-0800: 0.878: [CMS-concurrent-preclean: 0.001/0.001 secs] [Times: user=0.00 sys=0.00, real=0.01 secs] 
2020-10-28T22:09:24.380-0800: 0.878: [CMS-concurrent-abortable-preclean-start]
2020-10-28T22:09:24.399-0800: 0.897: [GC (Allocation Failure) 2020-10-28T22:09:24.399-0800: 0.897: [ParNew: 157246K->17471K(157248K), 0.0114865 secs] 434342K->339245K(506816K), 0.0115806 secs] [Times: user=0.08 sys=0.00, real=0.02 secs] 
2020-10-28T22:09:24.436-0800: 0.934: [GC (Allocation Failure) 2020-10-28T22:09:24.436-0800: 0.934: [ParNew: 157247K->157247K(157248K), 0.0000232 secs]2020-10-28T22:09:24.436-0800: 0.934: [CMS2020-10-28T22:09:24.436-0800: 0.934: [CMS-concurrent-abortable-preclean: 0.002/0.056 secs] [Times: user=0.13 sys=0.00, real=0.05 secs] 
 (concurrent mode failure): 321773K->288372K(349568K), 0.0642689 secs] 479021K->288372K(506816K), [Metaspace: 3373K->3373K(1056768K)], 0.0643905 secs] [Times: user=0.06 sys=0.00, real=0.07 secs] 
2020-10-28T22:09:24.524-0800: 1.022: [GC (Allocation Failure) 2020-10-28T22:09:24.524-0800: 1.022: [ParNew: 139776K->17471K(157248K), 0.0080150 secs] 428148K->335661K(506816K), 0.0080916 secs] [Times: user=0.05 sys=0.00, real=0.01 secs] 
2020-10-28T22:09:24.532-0800: 1.030: [GC (CMS Initial Mark) [1 CMS-initial-mark: 318189K(349568K)] 336419K(506816K), 0.0001783 secs] [Times: user=0.00 sys=0.00, real=0.00 secs] 
2020-10-28T22:09:24.532-0800: 1.030: [CMS-concurrent-mark-start]
2020-10-28T22:09:24.534-0800: 1.032: [CMS-concurrent-mark: 0.002/0.002 secs] [Times: user=0.00 sys=0.00, real=0.00 secs] 
2020-10-28T22:09:24.534-0800: 1.032: [CMS-concurrent-preclean-start]
2020-10-28T22:09:24.535-0800: 1.033: [CMS-concurrent-preclean: 0.001/0.001 secs] [Times: user=0.00 sys=0.00, real=0.00 secs] 
2020-10-28T22:09:24.535-0800: 1.033: [CMS-concurrent-abortable-preclean-start]
2020-10-28T22:09:24.535-0800: 1.033: [CMS-concurrent-abortable-preclean: 0.000/0.000 secs] [Times: user=0.00 sys=0.00, real=0.00 secs] 
2020-10-28T22:09:24.535-0800: 1.033: [GC (CMS Final Remark) [YG occupancy: 32903 K (157248 K)]2020-10-28T22:09:24.535-0800: 1.033: [Rescan (parallel) , 0.0017147 secs]2020-10-28T22:09:24.537-0800: 1.035: [weak refs processing, 0.0000209 secs]2020-10-28T22:09:24.537-0800: 1.035: [class unloading, 0.0002504 secs]2020-10-28T22:09:24.537-0800: 1.035: [scrub symbol table, 0.0003883 secs]2020-10-28T22:09:24.537-0800: 1.035: [scrub string table, 0.0002357 secs][1 CMS-remark: 318189K(349568K)] 351092K(506816K), 0.0027477 secs] [Times: user=0.01 sys=0.00, real=0.00 secs] 
2020-10-28T22:09:24.538-0800: 1.036: [CMS-concurrent-sweep-start]
2020-10-28T22:09:24.539-0800: 1.037: [CMS-concurrent-sweep: 0.001/0.001 secs] [Times: user=0.00 sys=0.00, real=0.00 secs] 
2020-10-28T22:09:24.539-0800: 1.037: [CMS-concurrent-reset-start]
2020-10-28T22:09:24.539-0800: 1.037: [CMS-concurrent-reset: 0.000/0.000 secs] [Times: user=0.00 sys=0.00, real=0.00 secs] 
2020-10-28T22:09:24.556-0800: 1.054: [GC (Allocation Failure) 2020-10-28T22:09:24.556-0800: 1.054: [ParNew: 157247K->17468K(157248K), 0.0096701 secs] 439719K->343793K(506816K), 0.0097506 secs] [Times: user=0.06 sys=0.00, real=0.01 secs] 
2020-10-28T22:09:24.566-0800: 1.064: [GC (CMS Initial Mark) [1 CMS-initial-mark: 326324K(349568K)] 344107K(506816K), 0.0001650 secs] [Times: user=0.00 sys=0.01, real=0.00 secs] 
2020-10-28T22:09:24.566-0800: 1.064: [CMS-concurrent-mark-start]
2020-10-28T22:09:24.568-0800: 1.065: [CMS-concurrent-mark: 0.001/0.001 secs] [Times: user=0.00 sys=0.00, real=0.00 secs] 
2020-10-28T22:09:24.568-0800: 1.065: [CMS-concurrent-preclean-start]
2020-10-28T22:09:24.568-0800: 1.066: [CMS-concurrent-preclean: 0.001/0.001 secs] [Times: user=0.01 sys=0.00, real=0.00 secs] 
2020-10-28T22:09:24.568-0800: 1.066: [CMS-concurrent-abortable-preclean-start]
2020-10-28T22:09:24.568-0800: 1.066: [CMS-concurrent-abortable-preclean: 0.000/0.000 secs] [Times: user=0.00 sys=0.00, real=0.00 secs] 
2020-10-28T22:09:24.568-0800: 1.066: [GC (CMS Final Remark) [YG occupancy: 36937 K (157248 K)]2020-10-28T22:09:24.568-0800: 1.066: [Rescan (parallel) , 0.0004253 secs]2020-10-28T22:09:24.569-0800: 1.067: [weak refs processing, 0.0000146 secs]2020-10-28T22:09:24.569-0800: 1.067: [class unloading, 0.0002419 secs]2020-10-28T22:09:24.569-0800: 1.067: [scrub symbol table, 0.0003455 secs]2020-10-28T22:09:24.569-0800: 1.067: [scrub string table, 0.0001769 secs][1 CMS-remark: 326324K(349568K)] 363262K(506816K), 0.0012765 secs] [Times: user=0.00 sys=0.00, real=0.01 secs] 
2020-10-28T22:09:24.570-0800: 1.068: [CMS-concurrent-sweep-start]
2020-10-28T22:09:24.571-0800: 1.068: [CMS-concurrent-sweep: 0.001/0.001 secs] [Times: user=0.00 sys=0.00, real=0.00 secs] 
2020-10-28T22:09:24.571-0800: 1.068: [CMS-concurrent-reset-start]
2020-10-28T22:09:24.571-0800: 1.069: [CMS-concurrent-reset: 0.000/0.000 secs] [Times: user=0.00 sys=0.00, real=0.00 secs] 
2020-10-28T22:09:24.590-0800: 1.088: [GC (Allocation Failure) 2020-10-28T22:09:24.590-0800: 1.088: [ParNew: 157244K->17470K(157248K), 0.0130443 secs] 452425K->355311K(506816K), 0.0131325 secs] [Times: user=0.07 sys=0.00, real=0.01 secs] 
2020-10-28T22:09:24.603-0800: 1.101: [GC (CMS Initial Mark) [1 CMS-initial-mark: 337840K(349568K)] 355479K(506816K), 0.0002118 secs] [Times: user=0.00 sys=0.00, real=0.00 secs] 
2020-10-28T22:09:24.603-0800: 1.101: [CMS-concurrent-mark-start]
2020-10-28T22:09:24.606-0800: 1.103: [CMS-concurrent-mark: 0.002/0.002 secs] [Times: user=0.00 sys=0.00, real=0.00 secs] 
2020-10-28T22:09:24.606-0800: 1.103: [CMS-concurrent-preclean-start]
2020-10-28T22:09:24.606-0800: 1.104: [CMS-concurrent-preclean: 0.001/0.001 secs] [Times: user=0.00 sys=0.00, real=0.00 secs] 
2020-10-28T22:09:24.606-0800: 1.104: [CMS-concurrent-abortable-preclean-start]
2020-10-28T22:09:24.606-0800: 1.104: [CMS-concurrent-abortable-preclean: 0.000/0.000 secs] [Times: user=0.00 sys=0.00, real=0.00 secs] 
2020-10-28T22:09:24.607-0800: 1.104: [GC (CMS Final Remark) [YG occupancy: 30635 K (157248 K)]2020-10-28T22:09:24.607-0800: 1.104: [Rescan (parallel) , 0.0019138 secs]2020-10-28T22:09:24.609-0800: 1.106: [weak refs processing, 0.0000160 secs]2020-10-28T22:09:24.609-0800: 1.106: [class unloading, 0.0002507 secs]2020-10-28T22:09:24.609-0800: 1.107: [scrub symbol table, 0.0004111 secs]2020-10-28T22:09:24.609-0800: 1.107: [scrub string table, 0.0001865 secs][1 CMS-remark: 337840K(349568K)] 368475K(506816K), 0.0029090 secs] [Times: user=0.01 sys=0.00, real=0.00 secs] 
2020-10-28T22:09:24.610-0800: 1.107: [CMS-concurrent-sweep-start]
2020-10-28T22:09:24.610-0800: 1.108: [CMS-concurrent-sweep: 0.001/0.001 secs] [Times: user=0.00 sys=0.00, real=0.00 secs] 
2020-10-28T22:09:24.610-0800: 1.108: [CMS-concurrent-reset-start]
2020-10-28T22:09:24.611-0800: 1.109: [CMS-concurrent-reset: 0.000/0.000 secs] [Times: user=0.00 sys=0.00, real=0.00 secs] 
Heap
 par new generation   total 157248K, used 111200K [0x00000007a0000000, 0x00000007aaaa0000, 0x00000007aaaa0000)
  eden space 139776K,  67% used [0x00000007a0000000, 0x00000007a5b88630, 0x00000007a8880000)
  from space 17472K,  99% used [0x00000007a8880000, 0x00000007a998fbe0, 0x00000007a9990000)
  to   space 17472K,   0% used [0x00000007a9990000, 0x00000007a9990000, 0x00000007aaaa0000)
 concurrent mark-sweep generation total 349568K, used 305301K [0x00000007aaaa0000, 0x00000007c0000000, 0x00000007c0000000)
 Metaspace       used 3379K, capacity 4500K, committed 4864K, reserved 1056768K
  class space    used 375K, capacity 388K, committed 512K, reserved 1048576K
