Java HotSpot(TM) 64-Bit Server VM (25.171-b11) for bsd-amd64 JRE (1.8.0_171-b11), built on Mar 28 2018 12:50:57 by "java_re" with gcc 4.2.1 (Based on Apple Inc. build 5658) (LLVM build 2336.11.00)
Memory: 4k page, physical 16777216k(289892k free)

/proc/meminfo:

CommandLine flags: -XX:InitialHeapSize=536870912 -XX:MaxHeapSize=536870912 -XX:+PrintGC -XX:+PrintGCDateStamps -XX:+PrintGCDetails -XX:+PrintGCTimeStamps -XX:+UseCompressedClassPointers -XX:+UseCompressedOops -XX:+UseSerialGC 
2020-10-28T22:06:52.492-0800: 0.218: [GC (Allocation Failure) 2020-10-28T22:06:52.492-0800: 0.218: [DefNew: 139625K->17472K(157248K), 0.0372366 secs] 139625K->40842K(506816K), 0.0373574 secs] [Times: user=0.02 sys=0.02, real=0.03 secs] 
2020-10-28T22:06:52.561-0800: 0.287: [GC (Allocation Failure) 2020-10-28T22:06:52.561-0800: 0.287: [DefNew: 157248K->17472K(157248K), 0.0545831 secs] 180618K->84518K(506816K), 0.0546988 secs] [Times: user=0.03 sys=0.02, real=0.05 secs] 
2020-10-28T22:06:52.642-0800: 0.369: [GC (Allocation Failure) 2020-10-28T22:06:52.642-0800: 0.369: [DefNew: 157248K->17469K(157248K), 0.0404763 secs] 224294K->126313K(506816K), 0.0405916 secs] [Times: user=0.02 sys=0.01, real=0.04 secs] 
2020-10-28T22:06:52.710-0800: 0.437: [GC (Allocation Failure) 2020-10-28T22:06:52.710-0800: 0.437: [DefNew: 157245K->17470K(157248K), 0.0455962 secs] 266089K->171633K(506816K), 0.0456947 secs] [Times: user=0.02 sys=0.02, real=0.04 secs] 
2020-10-28T22:06:52.787-0800: 0.514: [GC (Allocation Failure) 2020-10-28T22:06:52.787-0800: 0.514: [DefNew: 156715K->17470K(157248K), 0.0359222 secs] 310878K->213595K(506816K), 0.0360290 secs] [Times: user=0.02 sys=0.01, real=0.04 secs] 
2020-10-28T22:06:52.850-0800: 0.576: [GC (Allocation Failure) 2020-10-28T22:06:52.850-0800: 0.577: [DefNew: 157050K->17471K(157248K), 0.0408427 secs] 353175K->258499K(506816K), 0.0409292 secs] [Times: user=0.02 sys=0.02, real=0.04 secs] 
2020-10-28T22:06:52.920-0800: 0.647: [GC (Allocation Failure) 2020-10-28T22:06:52.921-0800: 0.647: [DefNew: 157247K->17470K(157248K), 0.0319741 secs] 398275K->299567K(506816K), 0.0320569 secs] [Times: user=0.02 sys=0.01, real=0.03 secs] 
2020-10-28T22:06:52.976-0800: 0.703: [GC (Allocation Failure) 2020-10-28T22:06:52.976-0800: 0.703: [DefNew: 157246K->17471K(157248K), 0.0456970 secs] 439343K->344262K(506816K), 0.0457906 secs] [Times: user=0.02 sys=0.01, real=0.05 secs] 
2020-10-28T22:06:53.046-0800: 0.773: [GC (Allocation Failure) 2020-10-28T22:06:53.046-0800: 0.773: [DefNew: 157080K->157080K(157248K), 0.0000235 secs]2020-10-28T22:06:53.046-0800: 0.773: [Tenured: 326790K->271962K(349568K), 0.0601244 secs] 483871K->271962K(506816K), [Metaspace: 3372K->3372K(1056768K)], 0.0602640 secs] [Times: user=0.06 sys=0.00, real=0.06 secs] 
2020-10-28T22:06:53.126-0800: 0.853: [GC (Allocation Failure) 2020-10-28T22:06:53.126-0800: 0.853: [DefNew: 139776K->17471K(157248K), 0.0086279 secs] 411738K->319765K(506816K), 0.0087274 secs] [Times: user=0.01 sys=0.00, real=0.01 secs] 
2020-10-28T22:06:53.161-0800: 0.888: [GC (Allocation Failure) 2020-10-28T22:06:53.161-0800: 0.888: [DefNew: 157247K->157247K(157248K), 0.0000231 secs]2020-10-28T22:06:53.161-0800: 0.888: [Tenured: 302294K->297454K(349568K), 0.0496345 secs] 459541K->297454K(506816K), [Metaspace: 3372K->3372K(1056768K)], 0.0497651 secs] [Times: user=0.05 sys=0.00, real=0.05 secs] 
2020-10-28T22:06:53.235-0800: 0.962: [GC (Allocation Failure) 2020-10-28T22:06:53.235-0800: 0.962: [DefNew: 139776K->17468K(157248K), 0.0080989 secs] 437230K->343396K(506816K), 0.0082002 secs] [Times: user=0.01 sys=0.00, real=0.01 secs] 
2020-10-28T22:06:53.269-0800: 0.996: [GC (Allocation Failure) 2020-10-28T22:06:53.269-0800: 0.996: [DefNew: 157158K->157158K(157248K), 0.0000231 secs]2020-10-28T22:06:53.269-0800: 0.996: [Tenured: 325928K->318667K(349568K), 0.0451823 secs] 483086K->318667K(506816K), [Metaspace: 3373K->3373K(1056768K)], 0.0453210 secs] [Times: user=0.05 sys=0.00, real=0.05 secs] 
2020-10-28T22:06:53.338-0800: 1.065: [GC (Allocation Failure) 2020-10-28T22:06:53.338-0800: 1.065: [DefNew: 139776K->139776K(157248K), 0.0000244 secs]2020-10-28T22:06:53.338-0800: 1.065: [Tenured: 318667K->308108K(349568K), 0.0480823 secs] 458443K->308108K(506816K), [Metaspace: 3373K->3373K(1056768K)], 0.0482285 secs] [Times: user=0.05 sys=0.00, real=0.05 secs] 
Heap
 def new generation   total 157248K, used 21011K [0x00000007a0000000, 0x00000007aaaa0000, 0x00000007aaaa0000)
  eden space 139776K,  15% used [0x00000007a0000000, 0x00000007a1484f08, 0x00000007a8880000)
  from space 17472K,   0% used [0x00000007a8880000, 0x00000007a8880000, 0x00000007a9990000)
  to   space 17472K,   0% used [0x00000007a9990000, 0x00000007a9990000, 0x00000007aaaa0000)
 tenured generation   total 349568K, used 308108K [0x00000007aaaa0000, 0x00000007c0000000, 0x00000007c0000000)
   the space 349568K,  88% used [0x00000007aaaa0000, 0x00000007bd783148, 0x00000007bd783200, 0x00000007c0000000)
 Metaspace       used 3379K, capacity 4500K, committed 4864K, reserved 1056768K
  class space    used 375K, capacity 388K, committed 512K, reserved 1048576K
